Archive member included to satisfy reference by file (symbol)

c:/st/stm32cubeide_1.7.0/stm32cubeide/plugins/com.st.stm32cube.ide.mcu.externaltools.gnu-tools-for-stm32.9-2020-q2-update.win32_2.0.0.202105311346/tools/bin/../lib/gcc/arm-none-eabi/9.3.1/../../../../arm-none-eabi/lib/thumb/v7e-m+fp/hard\libc_nano.a(lib_a-errno.o)
                              ./Core/Src/syscalls.o (__errno)
c:/st/stm32cubeide_1.7.0/stm32cubeide/plugins/com.st.stm32cube.ide.mcu.externaltools.gnu-tools-for-stm32.9-2020-q2-update.win32_2.0.0.202105311346/tools/bin/../lib/gcc/arm-none-eabi/9.3.1/../../../../arm-none-eabi/lib/thumb/v7e-m+fp/hard\libc_nano.a(lib_a-exit.o)
                              c:/st/stm32cubeide_1.7.0/stm32cubeide/plugins/com.st.stm32cube.ide.mcu.externaltools.gnu-tools-for-stm32.9-2020-q2-update.win32_2.0.0.202105311346/tools/bin/../lib/gcc/arm-none-eabi/9.3.1/../../../../arm-none-eabi/lib/thumb/v7e-m+fp/hard/crt0.o (exit)
c:/st/stm32cubeide_1.7.0/stm32cubeide/plugins/com.st.stm32cube.ide.mcu.externaltools.gnu-tools-for-stm32.9-2020-q2-update.win32_2.0.0.202105311346/tools/bin/../lib/gcc/arm-none-eabi/9.3.1/../../../../arm-none-eabi/lib/thumb/v7e-m+fp/hard\libc_nano.a(lib_a-impure.o)
                              c:/st/stm32cubeide_1.7.0/stm32cubeide/plugins/com.st.stm32cube.ide.mcu.externaltools.gnu-tools-for-stm32.9-2020-q2-update.win32_2.0.0.202105311346/tools/bin/../lib/gcc/arm-none-eabi/9.3.1/../../../../arm-none-eabi/lib/thumb/v7e-m+fp/hard\libc_nano.a(lib_a-exit.o) (_global_impure_ptr)
c:/st/stm32cubeide_1.7.0/stm32cubeide/plugins/com.st.stm32cube.ide.mcu.externaltools.gnu-tools-for-stm32.9-2020-q2-update.win32_2.0.0.202105311346/tools/bin/../lib/gcc/arm-none-eabi/9.3.1/../../../../arm-none-eabi/lib/thumb/v7e-m+fp/hard\libc_nano.a(lib_a-init.o)
                              c:/st/stm32cubeide_1.7.0/stm32cubeide/plugins/com.st.stm32cube.ide.mcu.externaltools.gnu-tools-for-stm32.9-2020-q2-update.win32_2.0.0.202105311346/tools/bin/../lib/gcc/arm-none-eabi/9.3.1/../../../../arm-none-eabi/lib/thumb/v7e-m+fp/hard/crt0.o (__libc_init_array)
c:/st/stm32cubeide_1.7.0/stm32cubeide/plugins/com.st.stm32cube.ide.mcu.externaltools.gnu-tools-for-stm32.9-2020-q2-update.win32_2.0.0.202105311346/tools/bin/../lib/gcc/arm-none-eabi/9.3.1/../../../../arm-none-eabi/lib/thumb/v7e-m+fp/hard\libc_nano.a(lib_a-memset.o)
                              c:/st/stm32cubeide_1.7.0/stm32cubeide/plugins/com.st.stm32cube.ide.mcu.externaltools.gnu-tools-for-stm32.9-2020-q2-update.win32_2.0.0.202105311346/tools/bin/../lib/gcc/arm-none-eabi/9.3.1/../../../../arm-none-eabi/lib/thumb/v7e-m+fp/hard/crt0.o (memset)
c:/st/stm32cubeide_1.7.0/stm32cubeide/plugins/com.st.stm32cube.ide.mcu.externaltools.gnu-tools-for-stm32.9-2020-q2-update.win32_2.0.0.202105311346/tools/bin/../lib/gcc/arm-none-eabi/9.3.1/../../../../arm-none-eabi/lib/thumb/v7e-m+fp/hard\libc_nano.a(lib_a-strlen.o)
                              ./Core/Src/lcd.o (strlen)
c:/st/stm32cubeide_1.7.0/stm32cubeide/plugins/com.st.stm32cube.ide.mcu.externaltools.gnu-tools-for-stm32.9-2020-q2-update.win32_2.0.0.202105311346/tools/bin/../lib/gcc/arm-none-eabi/9.3.1/thumb/v7e-m+fp/hard\libgcc.a(_aeabi_uldivmod.o)
                              ./Drivers/STM32F4xx_HAL_Driver/Src/stm32f4xx_hal_rcc.o (__aeabi_uldivmod)
c:/st/stm32cubeide_1.7.0/stm32cubeide/plugins/com.st.stm32cube.ide.mcu.externaltools.gnu-tools-for-stm32.9-2020-q2-update.win32_2.0.0.202105311346/tools/bin/../lib/gcc/arm-none-eabi/9.3.1/thumb/v7e-m+fp/hard\libgcc.a(_udivmoddi4.o)
                              c:/st/stm32cubeide_1.7.0/stm32cubeide/plugins/com.st.stm32cube.ide.mcu.externaltools.gnu-tools-for-stm32.9-2020-q2-update.win32_2.0.0.202105311346/tools/bin/../lib/gcc/arm-none-eabi/9.3.1/thumb/v7e-m+fp/hard\libgcc.a(_aeabi_uldivmod.o) (__udivmoddi4)
c:/st/stm32cubeide_1.7.0/stm32cubeide/plugins/com.st.stm32cube.ide.mcu.externaltools.gnu-tools-for-stm32.9-2020-q2-update.win32_2.0.0.202105311346/tools/bin/../lib/gcc/arm-none-eabi/9.3.1/thumb/v7e-m+fp/hard\libgcc.a(_dvmd_tls.o)
                              c:/st/stm32cubeide_1.7.0/stm32cubeide/plugins/com.st.stm32cube.ide.mcu.externaltools.gnu-tools-for-stm32.9-2020-q2-update.win32_2.0.0.202105311346/tools/bin/../lib/gcc/arm-none-eabi/9.3.1/thumb/v7e-m+fp/hard\libgcc.a(_aeabi_uldivmod.o) (__aeabi_ldiv0)

Allocating common symbols
Common symbol       size              file

uwTick              0x4               ./Drivers/STM32F4xx_HAL_Driver/Src/stm32f4xx_hal.o
pFlash              0x20              ./Drivers/STM32F4xx_HAL_Driver/Src/stm32f4xx_hal_flash.o
hsram1              0x50              ./Core/Src/main.o
button_count        0x20              ./Core/Src/button.o
lcddev              0x6               ./Core/Src/lcd.o
s                   0x32              ./Core/Src/lcd.o
hspi1               0x58              ./Core/Src/main.o
htim2               0x48              ./Core/Src/main.o

Discarded input sections

[...]
Memory Configuration

Name             Origin             Length             Attributes
CCMRAM           0x0000000010000000 0x0000000000010000 xrw
RAM              0x0000000020000000 0x0000000000020000 xrw
FLASH            0x0000000008000000 0x0000000000100000 xr
*default*        0x0000000000000000 0xffffffffffffffff

Linker script and memory map

LOAD c:/st/stm32cubeide_1.7.0/stm32cubeide/plugins/com.st.stm32cube.ide.mcu.externaltools.gnu-tools-for-stm32.9-2020-q2-update.win32_2.0.0.202105311346/tools/bin/../lib/gcc/arm-none-eabi/9.3.1/thumb/v7e-m+fp/hard/crti.o
LOAD c:/st/stm32cubeide_1.7.0/stm32cubeide/plugins/com.st.stm32cube.ide.mcu.externaltools.gnu-tools-for-stm32.9-2020-q2-update.win32_2.0.0.202105311346/tools/bin/../lib/gcc/arm-none-eabi/9.3.1/thumb/v7e-m+fp/hard/crtbegin.o
LOAD c:/st/stm32cubeide_1.7.0/stm32cubeide/plugins/com.st.stm32cube.ide.mcu.externaltools.gnu-tools-for-stm32.9-2020-q2-update.win32_2.0.0.202105311346/tools/bin/../lib/gcc/arm-none-eabi/9.3.1/../../../../arm-none-eabi/lib/thumb/v7e-m+fp/hard/crt0.o
LOAD ./Core/Src/button.o
LOAD ./Core/Src/fsm_automatic.o
LOAD ./Core/Src/fsm_manual.o
LOAD ./Core/Src/fsm_setting.o
LOAD ./Core/Src/global.o
LOAD ./Core/Src/lcd.o
LOAD ./Core/Src/led7_segment.o
LOAD ./Core/Src/main.o
LOAD ./Core/Src/software_timer.o
LOAD ./Core/Src/stm32f4xx_hal_msp.o
LOAD ./Core/Src/stm32f4xx_it.o
LOAD ./Core/Src/syscalls.o
LOAD ./Core/Src/sysmem.o
LOAD ./Core/Src/system_stm32f4xx.o
LOAD ./Core/Src/traffic_light.o
LOAD ./Core/Startup/startup_stm32f407zgtx.o
LOAD ./Drivers/STM32F4xx_HAL_Driver/Src/stm32f4xx_hal.o
LOAD ./Drivers/STM32F4xx_HAL_Driver/Src/stm32f4xx_hal_cortex.o
LOAD ./Drivers/STM32F4xx_HAL_Driver/Src/stm32f4xx_hal_dma.o
LOAD ./Drivers/STM32F4xx_HAL_Driver/Src/stm32f4xx_hal_dma_ex.o
LOAD ./Drivers/STM32F4xx_HAL_Driver/Src/stm32f4xx_hal_exti.o
LOAD ./Drivers/STM32F4xx_HAL_Driver/Src/stm32f4xx_hal_flash.o
LOAD ./Drivers/STM32F4xx_HAL_Driver/Src/stm32f4xx_hal_flash_ex.o
LOAD ./Drivers/STM32F4xx_HAL_Driver/Src/stm32f4xx_hal_flash_ramfunc.o
LOAD ./Drivers/STM32F4xx_HAL_Driver/Src/stm32f4xx_hal_gpio.o
LOAD ./Drivers/STM32F4xx_HAL_Driver/Src/stm32f4xx_hal_pwr.o
LOAD ./Drivers/STM32F4xx_HAL_Driver/Src/stm32f4xx_hal_pwr_ex.o
LOAD ./Drivers/STM32F4xx_HAL_Driver/Src/stm32f4xx_hal_rcc.o
LOAD ./Drivers/STM32F4xx_HAL_Driver/Src/stm32f4xx_hal_rcc_ex.o
LOAD ./Drivers/STM32F4xx_HAL_Driver/Src/stm32f4xx_hal_spi.o
LOAD ./Drivers/STM32F4xx_HAL_Driver/Src/stm32f4xx_hal_sram.o
LOAD ./Drivers/STM32F4xx_HAL_Driver/Src/stm32f4xx_hal_tim.o
LOAD ./Drivers/STM32F4xx_HAL_Driver/Src/stm32f4xx_hal_tim_ex.o
LOAD ./Drivers/STM32F4xx_HAL_Driver/Src/stm32f4xx_ll_fsmc.o
START GROUP
LOAD c:/st/stm32cubeide_1.7.0/stm32cubeide/plugins/com.st.stm32cube.ide.mcu.externaltools.gnu-tools-for-stm32.9-2020-q2-update.win32_2.0.0.202105311346/tools/bin/../lib/gcc/arm-none-eabi/9.3.1/../../../../arm-none-eabi/lib/thumb/v7e-m+fp/hard\libc_nano.a
LOAD c:/st/stm32cubeide_1.7.0/stm32cubeide/plugins/com.st.stm32cube.ide.mcu.externaltools.gnu-tools-for-stm32.9-2020-q2-update.win32_2.0.0.202105311346/tools/bin/../lib/gcc/arm-none-eabi/9.3.1/../../../../arm-none-eabi/lib/thumb/v7e-m+fp/hard\libm.a
END GROUP
START GROUP
LOAD c:/st/stm32cubeide_1.7.0/stm32cubeide/plugins/com.st.stm32cube.ide.mcu.externaltools.gnu-tools-for-stm32.9-2020-q2-update.win32_2.0.0.202105311346/tools/bin/../lib/gcc/arm-none-eabi/9.3.1/thumb/v7e-m+fp/hard\libgcc.a
LOAD c:/st/stm32cubeide_1.7.0/stm32cubeide/plugins/com.st.stm32cube.ide.mcu.externaltools.gnu-tools-for-stm32.9-2020-q2-update.win32_2.0.0.202105311346/tools/bin/../lib/gcc/arm-none-eabi/9.3.1/../../../../arm-none-eabi/lib/thumb/v7e-m+fp/hard\libc_nano.a
END GROUP
START GROUP
LOAD c:/st/stm32cubeide_1.7.0/stm32cubeide/plugins/com.st.stm32cube.ide.mcu.externaltools.gnu-tools-for-stm32.9-2020-q2-update.win32_2.0.0.202105311346/tools/bin/../lib/gcc/arm-none-eabi/9.3.1/thumb/v7e-m+fp/hard\libgcc.a
LOAD c:/st/stm32cubeide_1.7.0/stm32cubeide/plugins/com.st.stm32cube.ide.mcu.externaltools.gnu-tools-for-stm32.9-2020-q2-update.win32_2.0.0.202105311346/tools/bin/../lib/gcc/arm-none-eabi/9.3.1/../../../../arm-none-eabi/lib/thumb/v7e-m+fp/hard\libc_nano.a
LOAD c:/st/stm32cubeide_1.7.0/stm32cubeide/plugins/com.st.stm32cube.ide.mcu.externaltools.gnu-tools-for-stm32.9-2020-q2-update.win32_2.0.0.202105311346/tools/bin/../lib/gcc/arm-none-eabi/9.3.1/../../../../arm-none-eabi/lib/thumb/v7e-m+fp/hard\libnosys.a
END GROUP
START GROUP
LOAD c:/st/stm32cubeide_1.7.0/stm32cubeide/plugins/com.st.stm32cube.ide.mcu.externaltools.gnu-tools-for-stm32.9-2020-q2-update.win32_2.0.0.202105311346/tools/bin/../lib/gcc/arm-none-eabi/9.3.1/thumb/v7e-m+fp/hard\libgcc.a
LOAD c:/st/stm32cubeide_1.7.0/stm32cubeide/plugins/com.st.stm32cube.ide.mcu.externaltools.gnu-tools-for-stm32.9-2020-q2-update.win32_2.0.0.202105311346/tools/bin/../lib/gcc/arm-none-eabi/9.3.1/../../../../arm-none-eabi/lib/thumb/v7e-m+fp/hard\libc_nano.a
LOAD c:/st/stm32cubeide_1.7.0/stm32cubeide/plugins/com.st.stm32cube.ide.mcu.externaltools.gnu-tools-for-stm32.9-2020-q2-update.win32_2.0.0.202105311346/tools/bin/../lib/gcc/arm-none-eabi/9.3.1/../../../../arm-none-eabi/lib/thumb/v7e-m+fp/hard\libnosys.a
END GROUP
LOAD c:/st/stm32cubeide_1.7.0/stm32cubeide/plugins/com.st.stm32cube.ide.mcu.externaltools.gnu-tools-for-stm32.9-2020-q2-update.win32_2.0.0.202105311346/tools/bin/../lib/gcc/arm-none-eabi/9.3.1/thumb/v7e-m+fp/hard/crtend.o
LOAD c:/st/stm32cubeide_1.7.0/stm32cubeide/plugins/com.st.stm32cube.ide.mcu.externaltools.gnu-tools-for-stm32.9-2020-q2-update.win32_2.0.0.202105311346/tools/bin/../lib/gcc/arm-none-eabi/9.3.1/thumb/v7e-m+fp/hard/crtn.o
                0x0000000020020000                _estack = (ORIGIN (RAM) + LENGTH (RAM))
                0x0000000000000200                _Min_Heap_Size = 0x200
                0x0000000000000400                _Min_Stack_Size = 0x400

.isr_vector     0x0000000008000000      0x188
                0x0000000008000000                . = ALIGN (0x4)
 *(.isr_vector)
 .isr_vector    0x0000000008000000      0x188 ./Core/Startup/startup_stm32f407zgtx.o
                0x0000000008000000                g_pfnVectors
                0x0000000008000188                . = ALIGN (0x4)

.text           0x0000000008000188     0x43e0
                0x0000000008000188                . = ALIGN (0x4)
 *(.text)
 .text          0x0000000008000188       0x40 c:/st/stm32cubeide_1.7.0/stm32cubeide/plugins/com.st.stm32cube.ide.mcu.externaltools.gnu-tools-for-stm32.9-2020-q2-update.win32_2.0.0.202105311346/tools/bin/../lib/gcc/arm-none-eabi/9.3.1/thumb/v7e-m+fp/hard/crtbegin.o
 .text          0x00000000080001c8       0x30 c:/st/stm32cubeide_1.7.0/stm32cubeide/plugins/com.st.stm32cube.ide.mcu.externaltools.gnu-tools-for-stm32.9-2020-q2-update.win32_2.0.0.202105311346/tools/bin/../lib/gcc/arm-none-eabi/9.3.1/thumb/v7e-m+fp/hard\libgcc.a(_aeabi_uldivmod.o)
                0x00000000080001c8                __aeabi_uldivmod
 .text          0x00000000080001f8      0x2c4 c:/st/stm32cubeide_1.7.0/stm32cubeide/plugins/com.st.stm32cube.ide.mcu.externaltools.gnu-tools-for-stm32.9-2020-q2-update.win32_2.0.0.202105311346/tools/bin/../lib/gcc/arm-none-eabi/9.3.1/thumb/v7e-m+fp/hard\libgcc.a(_udivmoddi4.o)
                0x00000000080001f8                __udivmoddi4
 .text          0x00000000080004bc        0x4 c:/st/stm32cubeide_1.7.0/stm32cubeide/plugins/com.st.stm32cube.ide.mcu.externaltools.gnu-tools-for-stm32.9-2020-q2-update.win32_2.0.0.202105311346/tools/bin/../lib/gcc/arm-none-eabi/9.3.1/thumb/v7e-m+fp/hard\libgcc.a(_dvmd_tls.o)
                0x00000000080004bc                __aeabi_idiv0
                0x00000000080004bc                __aeabi_ldiv0
 *(.text*)
 .text.button_Scan
                0x00000000080004c0       0xd8 ./Core/Src/button.o
                0x00000000080004c0                button_Scan
 .text.isButton1Pressed
                0x0000000008000598       0x20 ./Core/Src/button.o
                0x0000000008000598                isButton1Pressed
 .text.isButton2Pressed
                0x00000000080005b8       0x20 ./Core/Src/button.o
                0x00000000080005b8                isButton2Pressed
 .text.isButton3Pressed
                0x00000000080005d8       0x20 ./Core/Src/button.o
                0x00000000080005d8                isButton3Pressed
 .text.fsm_automatic_run
                0x00000000080005f8      0x230 ./Core/Src/fsm_automatic.o
                0x00000000080005f8                fsm_automatic_run
 .text.fsm_manual_run
                0x0000000008000828      0x578 ./Core/Src/fsm_manual.o
                0x0000000008000828                fsm_manual_run
 .text.LCD_WR_REG
                0x0000000008000da0       0x20 ./Core/Src/lcd.o
                0x0000000008000da0                LCD_WR_REG
 .text.LCD_WR_DATA
                0x0000000008000dc0       0x20 ./Core/Src/lcd.o
 .text.LCD_RD_DATA
                0x0000000008000de0       0x24 ./Core/Src/lcd.o
 .text.lcd_AddressSet
                0x0000000008000e04       0x98 ./Core/Src/lcd.o
                0x0000000008000e04                lcd_AddressSet
 .text.lcd_Clear
                0x0000000008000e9c       0x64 ./Core/Src/lcd.o
                0x0000000008000e9c                lcd_Clear
 .text.lcd_DrawPoint
                0x0000000008000f00       0x2e ./Core/Src/lcd.o
                0x0000000008000f00                lcd_DrawPoint
 *fill*         0x0000000008000f2e        0x2 
 .text.lcd_ShowChar
                0x0000000008000f30      0x1a0 ./Core/Src/lcd.o
                0x0000000008000f30                lcd_ShowChar
 .text.mypow    0x00000000080010d0       0x38 ./Core/Src/lcd.o
                0x00000000080010d0                mypow
 .text.lcd_ShowIntNum
                0x0000000008001108       0xfc ./Core/Src/lcd.o
                0x0000000008001108                lcd_ShowIntNum
 .text.lcd_SetDir
                0x0000000008001204       0x48 ./Core/Src/lcd.o
                0x0000000008001204                lcd_SetDir
 .text.lcd_init
                0x000000000800124c      0x2c0 ./Core/Src/lcd.o
                0x000000000800124c                lcd_init
 .text._draw_circle_8
                0x000000000800150c      0x116 ./Core/Src/lcd.o
 .text.lcd_DrawCircle
                0x0000000008001622       0xd8 ./Core/Src/lcd.o
                0x0000000008001622                lcd_DrawCircle
 .text.display_num
                0x00000000080016fa       0x62 ./Core/Src/led7_segment.o
                0x00000000080016fa                display_num
 .text.display_time
                0x000000000800175c       0x40 ./Core/Src/led7_segment.o
                0x000000000800175c                display_time
 .text.main     0x000000000800179c       0x40 ./Core/Src/main.o
                0x000000000800179c                main
 .text.SystemClock_Config
                0x00000000080017dc       0xd4 ./Core/Src/main.o
                0x00000000080017dc                SystemClock_Config
 .text.MX_SPI1_Init
                0x00000000080018b0       0x6c ./Core/Src/main.o
 .text.MX_TIM2_Init
                0x000000000800191c       0x98 ./Core/Src/main.o
 .text.MX_GPIO_Init
                0x00000000080019b4      0x1f4 ./Core/Src/main.o
 .text.MX_FSMC_Init
                0x0000000008001ba8       0xf4 ./Core/Src/main.o
 .text.test_lcd
                0x0000000008001c9c       0x78 ./Core/Src/main.o
                0x0000000008001c9c                test_lcd
 .text.HAL_TIM_PeriodElapsedCallback
                0x0000000008001d14       0x14 ./Core/Src/main.o
                0x0000000008001d14                HAL_TIM_PeriodElapsedCallback
 .text.Error_Handler
                0x0000000008001d28        0xa ./Core/Src/main.o
                0x0000000008001d28                Error_Handler
 *fill*         0x0000000008001d32        0x2 
 .text.setTimer1
                0x0000000008001d34       0x28 ./Core/Src/software_timer.o
                0x0000000008001d34                setTimer1
 .text.setTimer2
                0x0000000008001d5c       0x28 ./Core/Src/software_timer.o
                0x0000000008001d5c                setTimer2
 .text.setTimer3
                0x0000000008001d84       0x28 ./Core/Src/software_timer.o
                0x0000000008001d84                setTimer3
 .text.isTimer1Paused
                0x0000000008001dac       0x48 ./Core/Src/software_timer.o
                0x0000000008001dac                isTimer1Paused
 .text.timerRun
                0x0000000008001df4       0x74 ./Core/Src/software_timer.o
                0x0000000008001df4                timerRun
 .text.HAL_MspInit
                0x0000000008001e68       0x50 ./Core/Src/stm32f4xx_hal_msp.o
                0x0000000008001e68                HAL_MspInit
 .text.HAL_SPI_MspInit
                0x0000000008001eb8       0x90 ./Core/Src/stm32f4xx_hal_msp.o
                0x0000000008001eb8                HAL_SPI_MspInit
 .text.HAL_TIM_Base_MspInit
                0x0000000008001f48       0x4c ./Core/Src/stm32f4xx_hal_msp.o
                0x0000000008001f48                HAL_TIM_Base_MspInit
 .text.HAL_FSMC_MspInit
                0x0000000008001f94       0x98 ./Core/Src/stm32f4xx_hal_msp.o
 .text.HAL_SRAM_MspInit
                0x000000000800202c       0x14 ./Core/Src/stm32f4xx_hal_msp.o
                0x000000000800202c                HAL_SRAM_MspInit
 .text.NMI_Handler
                0x0000000008002040        0x6 ./Core/Src/stm32f4xx_it.o
                0x0000000008002040                NMI_Handler
 .text.HardFault_Handler
                0x0000000008002046        0x6 ./Core/Src/stm32f4xx_it.o
                0x0000000008002046                HardFault_Handler
 .text.MemManage_Handler
                0x000000000800204c        0x6 ./Core/Src/stm32f4xx_it.o
                0x000000000800204c                MemManage_Handler
 .text.BusFault_Handler
                0x0000000008002052        0x6 ./Core/Src/stm32f4xx_it.o
                0x0000000008002052                BusFault_Handler
 .text.UsageFault_Handler
                0x0000000008002058        0x6 ./Core/Src/stm32f4xx_it.o
                0x0000000008002058                UsageFault_Handler
 .text.SVC_Handler
                0x000000000800205e        0xe ./Core/Src/stm32f4xx_it.o
                0x000000000800205e                SVC_Handler
 .text.DebugMon_Handler
                0x000000000800206c        0xe ./Core/Src/stm32f4xx_it.o
                0x000000000800206c                DebugMon_Handler
 .text.PendSV_Handler
                0x000000000800207a        0xe ./Core/Src/stm32f4xx_it.o
                0x000000000800207a                PendSV_Handler
 .text.SysTick_Handler
                0x0000000008002088        0xc ./Core/Src/stm32f4xx_it.o
                0x0000000008002088                SysTick_Handler
 .text.TIM2_IRQHandler
                0x0000000008002094       0x14 ./Core/Src/stm32f4xx_it.o
                0x0000000008002094                TIM2_IRQHandler
 .text.SystemInit
                0x00000000080020a8       0x24 ./Core/Src/system_stm32f4xx.o
                0x00000000080020a8                SystemInit
 .text.setColorVertical
                0x00000000080020cc       0x4c ./Core/Src/traffic_light.o
                0x00000000080020cc                setColorVertical
 .text.setColorHorizontal
                0x0000000008002118       0x4c ./Core/Src/traffic_light.o
                0x0000000008002118                setColorHorizontal
 .text.Reset_Handler
                0x0000000008002164       0x50 ./Core/Startup/startup_stm32f407zgtx.o
                0x0000000008002164                Reset_Handler
 .text.Default_Handler
                0x00000000080021b4        0x2 ./Core/Startup/startup_stm32f407zgtx.o
                0x00000000080021b4                RTC_Alarm_IRQHandler
                0x00000000080021b4                HASH_RNG_IRQHandler
                0x00000000080021b4                EXTI2_IRQHandler
                0x00000000080021b4                TIM8_CC_IRQHandler
                0x00000000080021b4                TIM1_CC_IRQHandler
                0x00000000080021b4                DMA2_Stream5_IRQHandler
                0x00000000080021b4                DMA1_Stream5_IRQHandler
                0x00000000080021b4                PVD_IRQHandler
                0x00000000080021b4                SDIO_IRQHandler
                0x00000000080021b4                TAMP_STAMP_IRQHandler
                0x00000000080021b4                CAN2_RX1_IRQHandler
                0x00000000080021b4                EXTI3_IRQHandler
                0x00000000080021b4                TIM8_TRG_COM_TIM14_IRQHandler
                0x00000000080021b4                TIM1_UP_TIM10_IRQHandler
                0x00000000080021b4                TIM8_UP_TIM13_IRQHandler
                0x00000000080021b4                I2C3_ER_IRQHandler
                0x00000000080021b4                EXTI0_IRQHandler
                0x00000000080021b4                I2C2_EV_IRQHandler
                0x00000000080021b4                DMA1_Stream2_IRQHandler
                0x00000000080021b4                CAN1_RX0_IRQHandler
                0x00000000080021b4                FPU_IRQHandler
                0x00000000080021b4                OTG_HS_WKUP_IRQHandler
                0x00000000080021b4                CAN2_SCE_IRQHandler
                0x00000000080021b4                DMA2_Stream2_IRQHandler
                0x00000000080021b4                SPI1_IRQHandler
                0x00000000080021b4                TIM6_DAC_IRQHandler
                0x00000000080021b4                TIM1_BRK_TIM9_IRQHandler
                0x00000000080021b4                DCMI_IRQHandler
                0x00000000080021b4                CAN2_RX0_IRQHandler
                0x00000000080021b4                DMA2_Stream3_IRQHandler
                0x00000000080021b4                USART6_IRQHandler
                0x00000000080021b4                USART3_IRQHandler
                0x00000000080021b4                CAN1_RX1_IRQHandler
                0x00000000080021b4                UART5_IRQHandler
                0x00000000080021b4                DMA2_Stream0_IRQHandler
                0x00000000080021b4                TIM4_IRQHandler
                0x00000000080021b4                I2C1_EV_IRQHandler
                0x00000000080021b4                DMA1_Stream6_IRQHandler
                0x00000000080021b4                DMA1_Stream1_IRQHandler
                0x00000000080021b4                UART4_IRQHandler
                0x00000000080021b4                TIM3_IRQHandler
                0x00000000080021b4                RCC_IRQHandler
                0x00000000080021b4                TIM8_BRK_TIM12_IRQHandler
                0x00000000080021b4                Default_Handler
                0x00000000080021b4                EXTI15_10_IRQHandler
                0x00000000080021b4                ADC_IRQHandler
                0x00000000080021b4                DMA1_Stream7_IRQHandler
                0x00000000080021b4                TIM7_IRQHandler
                0x00000000080021b4                CAN2_TX_IRQHandler
                0x00000000080021b4                TIM5_IRQHandler
                0x00000000080021b4                DMA2_Stream7_IRQHandler
                0x00000000080021b4                I2C3_EV_IRQHandler
                0x00000000080021b4                EXTI9_5_IRQHandler
                0x00000000080021b4                RTC_WKUP_IRQHandler
                0x00000000080021b4                ETH_WKUP_IRQHandler
                0x00000000080021b4                SPI2_IRQHandler
                0x00000000080021b4                OTG_HS_EP1_IN_IRQHandler
                0x00000000080021b4                DMA1_Stream0_IRQHandler
                0x00000000080021b4                CAN1_TX_IRQHandler
                0x00000000080021b4                EXTI4_IRQHandler
                0x00000000080021b4                FSMC_IRQHandler
                0x00000000080021b4                ETH_IRQHandler
                0x00000000080021b4                OTG_HS_EP1_OUT_IRQHandler
                0x00000000080021b4                WWDG_IRQHandler
                0x00000000080021b4                OTG_FS_WKUP_IRQHandler
                0x00000000080021b4                TIM1_TRG_COM_TIM11_IRQHandler
                0x00000000080021b4                OTG_HS_IRQHandler
                0x00000000080021b4                EXTI1_IRQHandler
                0x00000000080021b4                USART2_IRQHandler
                0x00000000080021b4                I2C2_ER_IRQHandler
                0x00000000080021b4                DMA2_Stream1_IRQHandler
                0x00000000080021b4                CAN1_SCE_IRQHandler
                0x00000000080021b4                FLASH_IRQHandler
                0x00000000080021b4                DMA2_Stream4_IRQHandler
                0x00000000080021b4                USART1_IRQHandler
                0x00000000080021b4                OTG_FS_IRQHandler
                0x00000000080021b4                SPI3_IRQHandler
                0x00000000080021b4                DMA1_Stream4_IRQHandler
                0x00000000080021b4                I2C1_ER_IRQHandler
                0x00000000080021b4                DMA2_Stream6_IRQHandler
                0x00000000080021b4                DMA1_Stream3_IRQHandler
 *fill*         0x00000000080021b6        0x2 
 .text.HAL_Init
                0x00000000080021b8       0x44 ./Drivers/STM32F4xx_HAL_Driver/Src/stm32f4xx_hal.o
                0x00000000080021b8                HAL_Init
 .text.HAL_InitTick
                0x00000000080021fc       0x60 ./Drivers/STM32F4xx_HAL_Driver/Src/stm32f4xx_hal.o
                0x00000000080021fc                HAL_InitTick
 .text.HAL_IncTick
                0x000000000800225c       0x28 ./Drivers/STM32F4xx_HAL_Driver/Src/stm32f4xx_hal.o
                0x000000000800225c                HAL_IncTick
 .text.HAL_GetTick
                0x0000000008002284       0x18 ./Drivers/STM32F4xx_HAL_Driver/Src/stm32f4xx_hal.o
                0x0000000008002284                HAL_GetTick
 .text.HAL_Delay
                0x000000000800229c       0x48 ./Drivers/STM32F4xx_HAL_Driver/Src/stm32f4xx_hal.o
                0x000000000800229c                HAL_Delay
 .text.__NVIC_SetPriorityGrouping
                0x00000000080022e4       0x48 ./Drivers/STM32F4xx_HAL_Driver/Src/stm32f4xx_hal_cortex.o
 .text.__NVIC_GetPriorityGrouping
                0x000000000800232c       0x1c ./Drivers/STM32F4xx_HAL_Driver/Src/stm32f4xx_hal_cortex.o
 .text.__NVIC_EnableIRQ
                0x0000000008002348       0x3c ./Drivers/STM32F4xx_HAL_Driver/Src/stm32f4xx_hal_cortex.o
 .text.__NVIC_SetPriority
                0x0000000008002384       0x54 ./Drivers/STM32F4xx_HAL_Driver/Src/stm32f4xx_hal_cortex.o
 .text.NVIC_EncodePriority
                0x00000000080023d8       0x66 ./Drivers/STM32F4xx_HAL_Driver/Src/stm32f4xx_hal_cortex.o
 *fill*         0x000000000800243e        0x2 
 .text.SysTick_Config
                0x0000000008002440       0x44 ./Drivers/STM32F4xx_HAL_Driver/Src/stm32f4xx_hal_cortex.o
 .text.HAL_NVIC_SetPriorityGrouping
                0x0000000008002484       0x16 ./Drivers/STM32F4xx_HAL_Driver/Src/stm32f4xx_hal_cortex.o
                0x0000000008002484                HAL_NVIC_SetPriorityGrouping
 .text.HAL_NVIC_SetPriority
                0x000000000800249a       0x38 ./Drivers/STM32F4xx_HAL_Driver/Src/stm32f4xx_hal_cortex.o
                0x000000000800249a                HAL_NVIC_SetPriority
 .text.HAL_NVIC_EnableIRQ
                0x00000000080024d2       0x1c ./Drivers/STM32F4xx_HAL_Driver/Src/stm32f4xx_hal_cortex.o
                0x00000000080024d2                HAL_NVIC_EnableIRQ
 .text.HAL_SYSTICK_Config
                0x00000000080024ee       0x18 ./Drivers/STM32F4xx_HAL_Driver/Src/stm32f4xx_hal_cortex.o
                0x00000000080024ee                HAL_SYSTICK_Config
 *fill*         0x0000000008002506        0x2 
 .text.HAL_GPIO_Init
                0x0000000008002508      0x338 ./Drivers/STM32F4xx_HAL_Driver/Src/stm32f4xx_hal_gpio.o
                0x0000000008002508                HAL_GPIO_Init
 .text.HAL_GPIO_WritePin
                0x0000000008002840       0x32 ./Drivers/STM32F4xx_HAL_Driver/Src/stm32f4xx_hal_gpio.o
                0x0000000008002840                HAL_GPIO_WritePin
 *fill*         0x0000000008002872        0x2 
 .text.HAL_RCC_OscConfig
                0x0000000008002874      0x4f0 ./Drivers/STM32F4xx_HAL_Driver/Src/stm32f4xx_hal_rcc.o
                0x0000000008002874                HAL_RCC_OscConfig
 .text.HAL_RCC_ClockConfig
                0x0000000008002d64      0x1cc ./Drivers/STM32F4xx_HAL_Driver/Src/stm32f4xx_hal_rcc.o
                0x0000000008002d64                HAL_RCC_ClockConfig
 .text.HAL_RCC_GetSysClockFreq
                0x0000000008002f30      0x1c4 ./Drivers/STM32F4xx_HAL_Driver/Src/stm32f4xx_hal_rcc.o
                0x0000000008002f30                HAL_RCC_GetSysClockFreq
 .text.HAL_SPI_Init
                0x00000000080030f4      0x112 ./Drivers/STM32F4xx_HAL_Driver/Src/stm32f4xx_hal_spi.o
                0x00000000080030f4                HAL_SPI_Init
 .text.HAL_SPI_Receive
                0x0000000008003206      0x222 ./Drivers/STM32F4xx_HAL_Driver/Src/stm32f4xx_hal_spi.o
                0x0000000008003206                HAL_SPI_Receive
 .text.HAL_SPI_TransmitReceive
                0x0000000008003428      0x344 ./Drivers/STM32F4xx_HAL_Driver/Src/stm32f4xx_hal_spi.o
                0x0000000008003428                HAL_SPI_TransmitReceive
 .text.SPI_WaitFlagStateUntilTimeout
                0x000000000800376c      0x110 ./Drivers/STM32F4xx_HAL_Driver/Src/stm32f4xx_hal_spi.o
 .text.SPI_EndRxTransaction
                0x000000000800387c       0xca ./Drivers/STM32F4xx_HAL_Driver/Src/stm32f4xx_hal_spi.o
 *fill*         0x0000000008003946        0x2 
 .text.SPI_EndRxTxTransaction
                0x0000000008003948       0x84 ./Drivers/STM32F4xx_HAL_Driver/Src/stm32f4xx_hal_spi.o
 .text.HAL_SRAM_Init
                0x00000000080039cc       0x88 ./Drivers/STM32F4xx_HAL_Driver/Src/stm32f4xx_hal_sram.o
                0x00000000080039cc                HAL_SRAM_Init
 .text.HAL_TIM_Base_Init
                0x0000000008003a54       0x9e ./Drivers/STM32F4xx_HAL_Driver/Src/stm32f4xx_hal_tim.o
                0x0000000008003a54                HAL_TIM_Base_Init
 *fill*         0x0000000008003af2        0x2 
 .text.HAL_TIM_Base_Start_IT
                0x0000000008003af4       0xe0 ./Drivers/STM32F4xx_HAL_Driver/Src/stm32f4xx_hal_tim.o
                0x0000000008003af4                HAL_TIM_Base_Start_IT
 .text.HAL_TIM_IRQHandler
                0x0000000008003bd4      0x210 ./Drivers/STM32F4xx_HAL_Driver/Src/stm32f4xx_hal_tim.o
                0x0000000008003bd4                HAL_TIM_IRQHandler
 .text.HAL_TIM_ConfigClockSource
                0x0000000008003de4      0x18e ./Drivers/STM32F4xx_HAL_Driver/Src/stm32f4xx_hal_tim.o
                0x0000000008003de4                HAL_TIM_ConfigClockSource
 .text.HAL_TIM_OC_DelayElapsedCallback
                0x0000000008003f72       0x14 ./Drivers/STM32F4xx_HAL_Driver/Src/stm32f4xx_hal_tim.o
                0x0000000008003f72                HAL_TIM_OC_DelayElapsedCallback
 .text.HAL_TIM_IC_CaptureCallback
                0x0000000008003f86       0x14 ./Drivers/STM32F4xx_HAL_Driver/Src/stm32f4xx_hal_tim.o
                0x0000000008003f86                HAL_TIM_IC_CaptureCallback
 .text.HAL_TIM_PWM_PulseFinishedCallback
                0x0000000008003f9a       0x14 ./Drivers/STM32F4xx_HAL_Driver/Src/stm32f4xx_hal_tim.o
                0x0000000008003f9a                HAL_TIM_PWM_PulseFinishedCallback
 .text.HAL_TIM_TriggerCallback
                0x0000000008003fae       0x14 ./Drivers/STM32F4xx_HAL_Driver/Src/stm32f4xx_hal_tim.o
                0x0000000008003fae                HAL_TIM_TriggerCallback
 *fill*         0x0000000008003fc2        0x2 
 .text.TIM_Base_SetConfig
                0x0000000008003fc4      0x140 ./Drivers/STM32F4xx_HAL_Driver/Src/stm32f4xx_hal_tim.o
                0x0000000008003fc4                TIM_Base_SetConfig
 .text.TIM_TI1_ConfigInputStage
                0x0000000008004104       0x5e ./Drivers/STM32F4xx_HAL_Driver/Src/stm32f4xx_hal_tim.o
 .text.TIM_TI2_ConfigInputStage
                0x0000000008004162       0x60 ./Drivers/STM32F4xx_HAL_Driver/Src/stm32f4xx_hal_tim.o
 .text.TIM_ITRx_SetConfig
                0x00000000080041c2       0x36 ./Drivers/STM32F4xx_HAL_Driver/Src/stm32f4xx_hal_tim.o
 .text.TIM_ETR_SetConfig
                0x00000000080041f8       0x40 ./Drivers/STM32F4xx_HAL_Driver/Src/stm32f4xx_hal_tim.o
                0x00000000080041f8                TIM_ETR_SetConfig
 .text.HAL_TIMEx_MasterConfigSynchronization
                0x0000000008004238       0xf8 ./Drivers/STM32F4xx_HAL_Driver/Src/stm32f4xx_hal_tim_ex.o
                0x0000000008004238                HAL_TIMEx_MasterConfigSynchronization
 .text.HAL_TIMEx_CommutCallback
                0x0000000008004330       0x14 ./Drivers/STM32F4xx_HAL_Driver/Src/stm32f4xx_hal_tim_ex.o
                0x0000000008004330                HAL_TIMEx_CommutCallback
 .text.HAL_TIMEx_BreakCallback
                0x0000000008004344       0x14 ./Drivers/STM32F4xx_HAL_Driver/Src/stm32f4xx_hal_tim_ex.o
                0x0000000008004344                HAL_TIMEx_BreakCallback
 .text.FSMC_NORSRAM_Init
                0x0000000008004358       0xa4 ./Drivers/STM32F4xx_HAL_Driver/Src/stm32f4xx_ll_fsmc.o
                0x0000000008004358                FSMC_NORSRAM_Init
 .text.FSMC_NORSRAM_Timing_Init
                0x00000000080043fc       0x7a ./Drivers/STM32F4xx_HAL_Driver/Src/stm32f4xx_ll_fsmc.o
                0x00000000080043fc                FSMC_NORSRAM_Timing_Init
 *fill*         0x0000000008004476        0x2 
 .text.FSMC_NORSRAM_Extended_Timing_Init
                0x0000000008004478       0x80 ./Drivers/STM32F4xx_HAL_Driver/Src/stm32f4xx_ll_fsmc.o
                0x0000000008004478                FSMC_NORSRAM_Extended_Timing_Init
 .text.__libc_init_array
                0x00000000080044f8       0x48 c:/st/stm32cubeide_1.7.0/stm32cubeide/plugins/com.st.stm32cube.ide.mcu.externaltools.gnu-tools-for-stm32.9-2020-q2-update.win32_2.0.0.202105311346/tools/bin/../lib/gcc/arm-none-eabi/9.3.1/../../../../arm-none-eabi/lib/thumb/v7e-m+fp/hard\libc_nano.a(lib_a-init.o)
                0x00000000080044f8                __libc_init_array
 .text.memset   0x0000000008004540       0x10 c:/st/stm32cubeide_1.7.0/stm32cubeide/plugins/com.st.stm32cube.ide.mcu.externaltools.gnu-tools-for-stm32.9-2020-q2-update.win32_2.0.0.202105311346/tools/bin/../lib/gcc/arm-none-eabi/9.3.1/../../../../arm-none-eabi/lib/thumb/v7e-m+fp/hard\libc_nano.a(lib_a-memset.o)
                0x0000000008004540                memset
 *(.glue_7)
 .glue_7        0x0000000008004550        0x0 linker stubs
 *(.glue_7t)
 .glue_7t       0x0000000008004550        0x0 linker stubs
 *(.eh_frame)
 .eh_frame      0x0000000008004550        0x0 c:/st/stm32cubeide_1.7.0/stm32cubeide/plugins/com.st.stm32cube.ide.mcu.externaltools.gnu-tools-for-stm32.9-2020-q2-update.win32_2.0.0.202105311346/tools/bin/../lib/gcc/arm-none-eabi/9.3.1/thumb/v7e-m+fp/hard/crtbegin.o
 *(.init)
 .init          0x0000000008004550        0x4 c:/st/stm32cubeide_1.7.0/stm32cubeide/plugins/com.st.stm32cube.ide.mcu.externaltools.gnu-tools-for-stm32.9-2020-q2-update.win32_2.0.0.202105311346/tools/bin/../lib/gcc/arm-none-eabi/9.3.1/thumb/v7e-m+fp/hard/crti.o
                0x0000000008004550                _init
 .init          0x0000000008004554        0x8 c:/st/stm32cubeide_1.7.0/stm32cubeide/plugins/com.st.stm32cube.ide.mcu.externaltools.gnu-tools-for-stm32.9-2020-q2-update.win32_2.0.0.202105311346/tools/bin/../lib/gcc/arm-none-eabi/9.3.1/thumb/v7e-m+fp/hard/crtn.o
 *(.fini)
 .fini          0x000000000800455c        0x4 c:/st/stm32cubeide_1.7.0/stm32cubeide/plugins/com.st.stm32cube.ide.mcu.externaltools.gnu-tools-for-stm32.9-2020-q2-update.win32_2.0.0.202105311346/tools/bin/../lib/gcc/arm-none-eabi/9.3.1/thumb/v7e-m+fp/hard/crti.o
                0x000000000800455c                _fini
 .fini          0x0000000008004560        0x8 c:/st/stm32cubeide_1.7.0/stm32cubeide/plugins/com.st.stm32cube.ide.mcu.externaltools.gnu-tools-for-stm32.9-2020-q2-update.win32_2.0.0.202105311346/tools/bin/../lib/gcc/arm-none-eabi/9.3.1/thumb/v7e-m+fp/hard/crtn.o
                0x0000000008004568                . = ALIGN (0x4)
                0x0000000008004568                _etext = .

.vfp11_veneer   0x0000000008004568        0x0
 .vfp11_veneer  0x0000000008004568        0x0 linker stubs

.v4_bx          0x0000000008004568        0x0
 .v4_bx         0x0000000008004568        0x0 linker stubs

.iplt           0x0000000008004568        0x0
 .iplt          0x0000000008004568        0x0 c:/st/stm32cubeide_1.7.0/stm32cubeide/plugins/com.st.stm32cube.ide.mcu.externaltools.gnu-tools-for-stm32.9-2020-q2-update.win32_2.0.0.202105311346/tools/bin/../lib/gcc/arm-none-eabi/9.3.1/thumb/v7e-m+fp/hard/crtbegin.o

.rodata         0x0000000008004568     0x2f90
                0x0000000008004568                . = ALIGN (0x4)
 *(.rodata)
 *(.rodata*)
 .rodata.ascii_1608
                0x0000000008004568      0x5f0 ./Core/Src/lcd.o
                0x0000000008004568                ascii_1608
 .rodata.ascii_2412
                0x0000000008004b58     0x11d0 ./Core/Src/lcd.o
                0x0000000008004b58                ascii_2412
 .rodata.ascii_3216
                0x0000000008005d28     0x17c0 ./Core/Src/lcd.o
                0x0000000008005d28                ascii_3216
 .rodata.AHBPrescTable
                0x00000000080074e8       0x10 ./Core/Src/system_stm32f4xx.o
                0x00000000080074e8                AHBPrescTable
                0x00000000080074f8                . = ALIGN (0x4)

.ARM.extab      0x00000000080074f8        0x0
                0x00000000080074f8                . = ALIGN (0x4)
 *(.ARM.extab* .gnu.linkonce.armextab.*)
                0x00000000080074f8                . = ALIGN (0x4)

.ARM            0x00000000080074f8        0x8
                0x00000000080074f8                . = ALIGN (0x4)
                0x00000000080074f8                __exidx_start = .
 *(.ARM.exidx*)
 .ARM.exidx     0x00000000080074f8        0x8 c:/st/stm32cubeide_1.7.0/stm32cubeide/plugins/com.st.stm32cube.ide.mcu.externaltools.gnu-tools-for-stm32.9-2020-q2-update.win32_2.0.0.202105311346/tools/bin/../lib/gcc/arm-none-eabi/9.3.1/thumb/v7e-m+fp/hard\libgcc.a(_udivmoddi4.o)
                0x0000000008007500                __exidx_end = .
                0x0000000008007500                . = ALIGN (0x4)

.rel.dyn        0x0000000008007500        0x0
 .rel.iplt      0x0000000008007500        0x0 c:/st/stm32cubeide_1.7.0/stm32cubeide/plugins/com.st.stm32cube.ide.mcu.externaltools.gnu-tools-for-stm32.9-2020-q2-update.win32_2.0.0.202105311346/tools/bin/../lib/gcc/arm-none-eabi/9.3.1/thumb/v7e-m+fp/hard/crtbegin.o

.preinit_array  0x0000000008007500        0x0
                0x0000000008007500                . = ALIGN (0x4)
                0x0000000008007500                PROVIDE (__preinit_array_start = .)
 *(.preinit_array*)
                0x0000000008007500                PROVIDE (__preinit_array_end = .)
                0x0000000008007500                . = ALIGN (0x4)

.init_array     0x0000000008007500        0x4
                0x0000000008007500                . = ALIGN (0x4)
                0x0000000008007500                PROVIDE (__init_array_start = .)
 *(SORT_BY_NAME(.init_array.*))
 *(.init_array*)
 .init_array    0x0000000008007500        0x4 c:/st/stm32cubeide_1.7.0/stm32cubeide/plugins/com.st.stm32cube.ide.mcu.externaltools.gnu-tools-for-stm32.9-2020-q2-update.win32_2.0.0.202105311346/tools/bin/../lib/gcc/arm-none-eabi/9.3.1/thumb/v7e-m+fp/hard/crtbegin.o
                0x0000000008007504                PROVIDE (__init_array_end = .)
                0x0000000008007504                . = ALIGN (0x4)

.fini_array     0x0000000008007504        0x4
                0x0000000008007504                . = ALIGN (0x4)
                [!provide]                        PROVIDE (__fini_array_start = .)
 *(SORT_BY_NAME(.fini_array.*))
 *(.fini_array*)
 .fini_array    0x0000000008007504        0x4 c:/st/stm32cubeide_1.7.0/stm32cubeide/plugins/com.st.stm32cube.ide.mcu.externaltools.gnu-tools-for-stm32.9-2020-q2-update.win32_2.0.0.202105311346/tools/bin/../lib/gcc/arm-none-eabi/9.3.1/thumb/v7e-m+fp/hard/crtbegin.o
                [!provide]                        PROVIDE (__fini_array_end = .)
                0x0000000008007508                . = ALIGN (0x4)
                0x0000000008007508                _sidata = LOADADDR (.data)

.data           0x0000000020000000       0x20 load address 0x0000000008007508
                0x0000000020000000                . = ALIGN (0x4)
                0x0000000020000000                _sdata = .
 *(.data)
 *(.data*)
 .data.color    0x0000000020000000        0x4 ./Core/Src/fsm_automatic.o
                0x0000000020000000                color
 .data.status   0x0000000020000004        0x4 ./Core/Src/fsm_manual.o
                0x0000000020000004                status
 .data.red_duration
                0x0000000020000008        0x4 ./Core/Src/fsm_manual.o
                0x0000000020000008                red_duration
 .data.amber_duration
                0x000000002000000c        0x4 ./Core/Src/fsm_manual.o
                0x000000002000000c                amber_duration
 .data.green_duration
                0x0000000020000010        0x4 ./Core/Src/fsm_manual.o
                0x0000000020000010                green_duration
 .data.SystemCoreClock
                0x0000000020000014        0x4 ./Core/Src/system_stm32f4xx.o
                0x0000000020000014                SystemCoreClock
 .data.uwTickPrio
                0x0000000020000018        0x4 ./Drivers/STM32F4xx_HAL_Driver/Src/stm32f4xx_hal.o
                0x0000000020000018                uwTickPrio
 .data.uwTickFreq
                0x000000002000001c        0x1 ./Drivers/STM32F4xx_HAL_Driver/Src/stm32f4xx_hal.o
                0x000000002000001c                uwTickFreq
 *(.RamFunc)
 *(.RamFunc*)
                0x0000000020000020                . = ALIGN (0x4)
 *fill*         0x000000002000001d        0x3 
                0x0000000020000020                _edata = .
                0x0000000008007528                _siccmram = LOADADDR (.ccmram)

.igot.plt       0x0000000020000020        0x0 load address 0x0000000008007528
 .igot.plt      0x0000000020000020        0x0 c:/st/stm32cubeide_1.7.0/stm32cubeide/plugins/com.st.stm32cube.ide.mcu.externaltools.gnu-tools-for-stm32.9-2020-q2-update.win32_2.0.0.202105311346/tools/bin/../lib/gcc/arm-none-eabi/9.3.1/thumb/v7e-m+fp/hard/crtbegin.o

.ccmram         0x0000000010000000        0x0 load address 0x0000000008007528
                0x0000000010000000                . = ALIGN (0x4)
                0x0000000010000000                _sccmram = .
 *(.ccmram)
 *(.ccmram*)
                0x0000000010000000                . = ALIGN (0x4)
                0x0000000010000000                _eccmram = .
                0x0000000010000000                . = ALIGN (0x4)

.bss            0x0000000020000020      0x1a0
                0x0000000020000020                _sbss = .
                0x0000000020000020                __bss_start__ = _sbss
 *(.bss)
 .bss           0x0000000020000020       0x1c c:/st/stm32cubeide_1.7.0/stm32cubeide/plugins/com.st.stm32cube.ide.mcu.externaltools.gnu-tools-for-stm32.9-2020-q2-update.win32_2.0.0.202105311346/tools/bin/../lib/gcc/arm-none-eabi/9.3.1/thumb/v7e-m+fp/hard/crtbegin.o
 *(.bss*)
 .bss.spi_button
                0x000000002000003c        0x2 ./Core/Src/button.o
                0x000000002000003c                spi_button
 *fill*         0x000000002000003e        0x2 
 .bss.red_duration_temp
                0x0000000020000040        0x4 ./Core/Src/fsm_manual.o
                0x0000000020000040                red_duration_temp
 .bss.amber_duration_temp
                0x0000000020000044        0x4 ./Core/Src/fsm_manual.o
                0x0000000020000044                amber_duration_temp
 .bss.green_duration_temp
                0x0000000020000048        0x4 ./Core/Src/fsm_manual.o
                0x0000000020000048                green_duration_temp
 .bss.toggle_flag
                0x000000002000004c        0x4 ./Core/Src/fsm_manual.o
                0x000000002000004c                toggle_flag
 .bss.timer1_counter
                0x0000000020000050        0x4 ./Core/Src/software_timer.o
                0x0000000020000050                timer1_counter
 .bss.timer1_flag
                0x0000000020000054        0x4 ./Core/Src/software_timer.o
                0x0000000020000054                timer1_flag
 .bss.timer2_counter
                0x0000000020000058        0x4 ./Core/Src/software_timer.o
                0x0000000020000058                timer2_counter
 .bss.timer2_flag
                0x000000002000005c        0x4 ./Core/Src/software_timer.o
                0x000000002000005c                timer2_flag
 .bss.timer3_counter
                0x0000000020000060        0x4 ./Core/Src/software_timer.o
                0x0000000020000060                timer3_counter
 .bss.timer3_flag
                0x0000000020000064        0x4 ./Core/Src/software_timer.o
                0x0000000020000064                timer3_flag
 .bss.idx       0x0000000020000068        0x4 ./Core/Src/software_timer.o
                0x0000000020000068                idx
 .bss.FSMC_Initialized
                0x000000002000006c        0x4 ./Core/Src/stm32f4xx_hal_msp.o
 *(COMMON)
 COMMON         0x0000000020000070       0x20 ./Core/Src/button.o
                0x0000000020000070                button_count
 COMMON         0x0000000020000090       0x3a ./Core/Src/lcd.o
                0x0000000020000090                lcddev
                0x0000000020000098                s
 *fill*         0x00000000200000ca        0x2 
 COMMON         0x00000000200000cc       0xf0 ./Core/Src/main.o
                0x00000000200000cc                hsram1
                0x000000002000011c                hspi1
                0x0000000020000174                htim2
 COMMON         0x00000000200001bc        0x4 ./Drivers/STM32F4xx_HAL_Driver/Src/stm32f4xx_hal.o
                0x00000000200001bc                uwTick
                0x00000000200001c0                . = ALIGN (0x4)
                0x00000000200001c0                _ebss = .
                0x00000000200001c0                __bss_end__ = _ebss

._user_heap_stack
                0x00000000200001c0      0x600
                0x00000000200001c0                . = ALIGN (0x8)
                [!provide]                        PROVIDE (end = .)
                0x00000000200001c0                PROVIDE (_end = .)
                0x00000000200003c0                . = (. + _Min_Heap_Size)
 *fill*         0x00000000200001c0      0x200 
                0x00000000200007c0                . = (. + _Min_Stack_Size)
 *fill*         0x00000000200003c0      0x400 
                0x00000000200007c0                . = ALIGN (0x8)

/DISCARD/
 libc.a(*)
 libm.a(*)
 libgcc.a(*)

.ARM.attributes
                0x0000000000000000       0x30
 *(.ARM.attributes)
 .ARM.attributes
                0x0000000000000000       0x1e c:/st/stm32cubeide_1.7.0/stm32cubeide/plugins/com.st.stm32cube.ide.mcu.externaltools.gnu-tools-for-stm32.9-2020-q2-update.win32_2.0.0.202105311346/tools/bin/../lib/gcc/arm-none-eabi/9.3.1/thumb/v7e-m+fp/hard/crti.o
 .ARM.attributes
                0x000000000000001e       0x34 c:/st/stm32cubeide_1.7.0/stm32cubeide/plugins/com.st.stm32cube.ide.mcu.externaltools.gnu-tools-for-stm32.9-2020-q2-update.win32_2.0.0.202105311346/tools/bin/../lib/gcc/arm-none-eabi/9.3.1/thumb/v7e-m+fp/hard/crtbegin.o
 .ARM.attributes
                0x0000000000000052       0x34 ./Core/Src/button.o
 .ARM.attributes
                0x0000000000000086       0x34 ./Core/Src/fsm_automatic.o
 .ARM.attributes
                0x00000000000000ba       0x34 ./Core/Src/fsm_manual.o
 .ARM.attributes
                0x00000000000000ee       0x34 ./Core/Src/lcd.o
 .ARM.attributes
                0x0000000000000122       0x34 ./Core/Src/led7_segment.o
 .ARM.attributes
                0x0000000000000156       0x34 ./Core/Src/main.o
 .ARM.attributes
                0x000000000000018a       0x34 ./Core/Src/software_timer.o
 .ARM.attributes
                0x00000000000001be       0x34 ./Core/Src/stm32f4xx_hal_msp.o
 .ARM.attributes
                0x00000000000001f2       0x34 ./Core/Src/stm32f4xx_it.o
 .ARM.attributes
                0x0000000000000226       0x34 ./Core/Src/system_stm32f4xx.o
 .ARM.attributes
                0x000000000000025a       0x34 ./Core/Src/traffic_light.o
 .ARM.attributes
                0x000000000000028e       0x21 ./Core/Startup/startup_stm32f407zgtx.o
 .ARM.attributes
                0x00000000000002af       0x34 ./Drivers/STM32F4xx_HAL_Driver/Src/stm32f4xx_hal.o
 .ARM.attributes
                0x00000000000002e3       0x34 ./Drivers/STM32F4xx_HAL_Driver/Src/stm32f4xx_hal_cortex.o
 .ARM.attributes
                0x0000000000000317       0x34 ./Drivers/STM32F4xx_HAL_Driver/Src/stm32f4xx_hal_gpio.o
 .ARM.attributes
                0x000000000000034b       0x34 ./Drivers/STM32F4xx_HAL_Driver/Src/stm32f4xx_hal_rcc.o
 .ARM.attributes
                0x000000000000037f       0x34 ./Drivers/STM32F4xx_HAL_Driver/Src/stm32f4xx_hal_spi.o
 .ARM.attributes
                0x00000000000003b3       0x34 ./Drivers/STM32F4xx_HAL_Driver/Src/stm32f4xx_hal_sram.o
 .ARM.attributes
                0x00000000000003e7       0x34 ./Drivers/STM32F4xx_HAL_Driver/Src/stm32f4xx_hal_tim.o
 .ARM.attributes
                0x000000000000041b       0x34 ./Drivers/STM32F4xx_HAL_Driver/Src/stm32f4xx_hal_tim_ex.o
 .ARM.attributes
                0x000000000000044f       0x34 ./Drivers/STM32F4xx_HAL_Driver/Src/stm32f4xx_ll_fsmc.o
 .ARM.attributes
                0x0000000000000483       0x34 c:/st/stm32cubeide_1.7.0/stm32cubeide/plugins/com.st.stm32cube.ide.mcu.externaltools.gnu-tools-for-stm32.9-2020-q2-update.win32_2.0.0.202105311346/tools/bin/../lib/gcc/arm-none-eabi/9.3.1/../../../../arm-none-eabi/lib/thumb/v7e-m+fp/hard\libc_nano.a(lib_a-init.o)
 .ARM.attributes
                0x00000000000004b7       0x34 c:/st/stm32cubeide_1.7.0/stm32cubeide/plugins/com.st.stm32cube.ide.mcu.externaltools.gnu-tools-for-stm32.9-2020-q2-update.win32_2.0.0.202105311346/tools/bin/../lib/gcc/arm-none-eabi/9.3.1/../../../../arm-none-eabi/lib/thumb/v7e-m+fp/hard\libc_nano.a(lib_a-memset.o)
 .ARM.attributes
                0x00000000000004eb       0x1e c:/st/stm32cubeide_1.7.0/stm32cubeide/plugins/com.st.stm32cube.ide.mcu.externaltools.gnu-tools-for-stm32.9-2020-q2-update.win32_2.0.0.202105311346/tools/bin/../lib/gcc/arm-none-eabi/9.3.1/thumb/v7e-m+fp/hard\libgcc.a(_aeabi_uldivmod.o)
 .ARM.attributes
                0x0000000000000509       0x34 c:/st/stm32cubeide_1.7.0/stm32cubeide/plugins/com.st.stm32cube.ide.mcu.externaltools.gnu-tools-for-stm32.9-2020-q2-update.win32_2.0.0.202105311346/tools/bin/../lib/gcc/arm-none-eabi/9.3.1/thumb/v7e-m+fp/hard\libgcc.a(_udivmoddi4.o)
 .ARM.attributes
                0x000000000000053d       0x1e c:/st/stm32cubeide_1.7.0/stm32cubeide/plugins/com.st.stm32cube.ide.mcu.externaltools.gnu-tools-for-stm32.9-2020-q2-update.win32_2.0.0.202105311346/tools/bin/../lib/gcc/arm-none-eabi/9.3.1/thumb/v7e-m+fp/hard\libgcc.a(_dvmd_tls.o)
 .ARM.attributes
                0x000000000000055b       0x1e c:/st/stm32cubeide_1.7.0/stm32cubeide/plugins/com.st.stm32cube.ide.mcu.externaltools.gnu-tools-for-stm32.9-2020-q2-update.win32_2.0.0.202105311346/tools/bin/../lib/gcc/arm-none-eabi/9.3.1/thumb/v7e-m+fp/hard/crtn.o
OUTPUT(STM32IDE_Lab345.elf elf32-littlearm)
LOAD linker stubs
LOAD c:/st/stm32cubeide_1.7.0/stm32cubeide/plugins/com.st.stm32cube.ide.mcu.externaltools.gnu-tools-for-stm32.9-2020-q2-update.win32_2.0.0.202105311346/tools/bin/../lib/gcc/arm-none-eabi/9.3.1/../../../../arm-none-eabi/lib/thumb/v7e-m+fp/hard\libc.a
LOAD c:/st/stm32cubeide_1.7.0/stm32cubeide/plugins/com.st.stm32cube.ide.mcu.externaltools.gnu-tools-for-stm32.9-2020-q2-update.win32_2.0.0.202105311346/tools/bin/../lib/gcc/arm-none-eabi/9.3.1/../../../../arm-none-eabi/lib/thumb/v7e-m+fp/hard\libm.a
LOAD c:/st/stm32cubeide_1.7.0/stm32cubeide/plugins/com.st.stm32cube.ide.mcu.externaltools.gnu-tools-for-stm32.9-2020-q2-update.win32_2.0.0.202105311346/tools/bin/../lib/gcc/arm-none-eabi/9.3.1/thumb/v7e-m+fp/hard\libgcc.a

.debug_info     0x0000000000000000    0x13fb8
 .debug_info    0x0000000000000000     0x1391 ./Core/Src/button.o
 .debug_info    0x0000000000001391      0xb72 ./Core/Src/fsm_automatic.o
 .debug_info    0x0000000000001f03      0xbe0 ./Core/Src/fsm_manual.o
 .debug_info    0x0000000000002ae3     0x1759 ./Core/Src/lcd.o
 .debug_info    0x000000000000423c      0xb95 ./Core/Src/led7_segment.o
 .debug_info    0x0000000000004dd1     0x1dd3 ./Core/Src/main.o
 .debug_info    0x0000000000006ba4      0xbc8 ./Core/Src/software_timer.o
 .debug_info    0x000000000000776c     0x12fb ./Core/Src/stm32f4xx_hal_msp.o
 .debug_info    0x0000000000008a67      0x801 ./Core/Src/stm32f4xx_it.o
 .debug_info    0x0000000000009268      0x5a4 ./Core/Src/system_stm32f4xx.o
 .debug_info    0x000000000000980c      0xca5 ./Core/Src/traffic_light.o
 .debug_info    0x000000000000a4b1       0x22 ./Core/Startup/startup_stm32f407zgtx.o
 .debug_info    0x000000000000a4d3      0x9b2 ./Drivers/STM32F4xx_HAL_Driver/Src/stm32f4xx_hal.o
 .debug_info    0x000000000000ae85      0xed7 ./Drivers/STM32F4xx_HAL_Driver/Src/stm32f4xx_hal_cortex.o
 .debug_info    0x000000000000bd5c      0x83e ./Drivers/STM32F4xx_HAL_Driver/Src/stm32f4xx_hal_gpio.o
 .debug_info    0x000000000000c59a      0x996 ./Drivers/STM32F4xx_HAL_Driver/Src/stm32f4xx_hal_rcc.o
 .debug_info    0x000000000000cf30     0x17c0 ./Drivers/STM32F4xx_HAL_Driver/Src/stm32f4xx_hal_spi.o
 .debug_info    0x000000000000e6f0      0xbab ./Drivers/STM32F4xx_HAL_Driver/Src/stm32f4xx_hal_sram.o
 .debug_info    0x000000000000f29b     0x2c22 ./Drivers/STM32F4xx_HAL_Driver/Src/stm32f4xx_hal_tim.o
 .debug_info    0x0000000000011ebd     0x15a2 ./Drivers/STM32F4xx_HAL_Driver/Src/stm32f4xx_hal_tim_ex.o
 .debug_info    0x000000000001345f      0xb59 ./Drivers/STM32F4xx_HAL_Driver/Src/stm32f4xx_ll_fsmc.o

.debug_abbrev   0x0000000000000000     0x2cf4
 .debug_abbrev  0x0000000000000000      0x270 ./Core/Src/button.o
 .debug_abbrev  0x0000000000000270      0x1d7 ./Core/Src/fsm_automatic.o
 .debug_abbrev  0x0000000000000447      0x1ea ./Core/Src/fsm_manual.o
 .debug_abbrev  0x0000000000000631      0x3aa ./Core/Src/lcd.o
 .debug_abbrev  0x00000000000009db      0x204 ./Core/Src/led7_segment.o
 .debug_abbrev  0x0000000000000bdf      0x34d ./Core/Src/main.o
 .debug_abbrev  0x0000000000000f2c      0x240 ./Core/Src/software_timer.o
 .debug_abbrev  0x000000000000116c      0x238 ./Core/Src/stm32f4xx_hal_msp.o
 .debug_abbrev  0x00000000000013a4      0x176 ./Core/Src/stm32f4xx_it.o
 .debug_abbrev  0x000000000000151a      0x145 ./Core/Src/system_stm32f4xx.o
 .debug_abbrev  0x000000000000165f      0x220 ./Core/Src/traffic_light.o
 .debug_abbrev  0x000000000000187f       0x12 ./Core/Startup/startup_stm32f407zgtx.o
 .debug_abbrev  0x0000000000001891      0x1ed ./Drivers/STM32F4xx_HAL_Driver/Src/stm32f4xx_hal.o
 .debug_abbrev  0x0000000000001a7e      0x33c ./Drivers/STM32F4xx_HAL_Driver/Src/stm32f4xx_hal_cortex.o
 .debug_abbrev  0x0000000000001dba      0x1f1 ./Drivers/STM32F4xx_HAL_Driver/Src/stm32f4xx_hal_gpio.o
 .debug_abbrev  0x0000000000001fab      0x275 ./Drivers/STM32F4xx_HAL_Driver/Src/stm32f4xx_hal_rcc.o
 .debug_abbrev  0x0000000000002220      0x26e ./Drivers/STM32F4xx_HAL_Driver/Src/stm32f4xx_hal_spi.o
 .debug_abbrev  0x000000000000248e      0x1f4 ./Drivers/STM32F4xx_HAL_Driver/Src/stm32f4xx_hal_sram.o
 .debug_abbrev  0x0000000000002682      0x25e ./Drivers/STM32F4xx_HAL_Driver/Src/stm32f4xx_hal_tim.o
 .debug_abbrev  0x00000000000028e0      0x266 ./Drivers/STM32F4xx_HAL_Driver/Src/stm32f4xx_hal_tim_ex.o
 .debug_abbrev  0x0000000000002b46      0x1ae ./Drivers/STM32F4xx_HAL_Driver/Src/stm32f4xx_ll_fsmc.o

.debug_aranges  0x0000000000000000      0xee0
 .debug_aranges
                0x0000000000000000       0x70 ./Core/Src/button.o
 .debug_aranges
                0x0000000000000070       0x20 ./Core/Src/fsm_automatic.o
 .debug_aranges
                0x0000000000000090       0x20 ./Core/Src/fsm_manual.o
 .debug_aranges
                0x00000000000000b0       0xd8 ./Core/Src/lcd.o
 .debug_aranges
                0x0000000000000188       0x28 ./Core/Src/led7_segment.o
 .debug_aranges
                0x00000000000001b0       0x68 ./Core/Src/main.o
 .debug_aranges
                0x0000000000000218       0x40 ./Core/Src/software_timer.o
 .debug_aranges
                0x0000000000000258       0x60 ./Core/Src/stm32f4xx_hal_msp.o
 .debug_aranges
                0x00000000000002b8       0x68 ./Core/Src/stm32f4xx_it.o
 .debug_aranges
                0x0000000000000320       0x28 ./Core/Src/system_stm32f4xx.o
 .debug_aranges
                0x0000000000000348       0x38 ./Core/Src/traffic_light.o
 .debug_aranges
                0x0000000000000380       0x28 ./Core/Startup/startup_stm32f407zgtx.o
 .debug_aranges
                0x00000000000003a8       0xf0 ./Drivers/STM32F4xx_HAL_Driver/Src/stm32f4xx_hal.o
 .debug_aranges
                0x0000000000000498      0x118 ./Drivers/STM32F4xx_HAL_Driver/Src/stm32f4xx_hal_cortex.o
 .debug_aranges
                0x00000000000005b0       0x58 ./Drivers/STM32F4xx_HAL_Driver/Src/stm32f4xx_hal_gpio.o
 .debug_aranges
                0x0000000000000608       0x88 ./Drivers/STM32F4xx_HAL_Driver/Src/stm32f4xx_hal_rcc.o
 .debug_aranges
                0x0000000000000690      0x1d0 ./Drivers/STM32F4xx_HAL_Driver/Src/stm32f4xx_hal_spi.o
 .debug_aranges
                0x0000000000000860       0xa0 ./Drivers/STM32F4xx_HAL_Driver/Src/stm32f4xx_hal_sram.o
 .debug_aranges
                0x0000000000000900      0x3d0 ./Drivers/STM32F4xx_HAL_Driver/Src/stm32f4xx_hal_tim.o
 .debug_aranges
                0x0000000000000cd0      0x168 ./Drivers/STM32F4xx_HAL_Driver/Src/stm32f4xx_hal_tim_ex.o
 .debug_aranges
                0x0000000000000e38       0xa8 ./Drivers/STM32F4xx_HAL_Driver/Src/stm32f4xx_ll_fsmc.o

.debug_ranges   0x0000000000000000      0xd98
 .debug_ranges  0x0000000000000000       0x60 ./Core/Src/button.o
 .debug_ranges  0x0000000000000060       0x10 ./Core/Src/fsm_automatic.o
 .debug_ranges  0x0000000000000070       0x10 ./Core/Src/fsm_manual.o
 .debug_ranges  0x0000000000000080       0xc8 ./Core/Src/lcd.o
 .debug_ranges  0x0000000000000148       0x18 ./Core/Src/led7_segment.o
 .debug_ranges  0x0000000000000160       0x58 ./Core/Src/main.o
 .debug_ranges  0x00000000000001b8       0x30 ./Core/Src/software_timer.o
 .debug_ranges  0x00000000000001e8       0x50 ./Core/Src/stm32f4xx_hal_msp.o
 .debug_ranges  0x0000000000000238       0x58 ./Core/Src/stm32f4xx_it.o
 .debug_ranges  0x0000000000000290       0x18 ./Core/Src/system_stm32f4xx.o
 .debug_ranges  0x00000000000002a8       0x28 ./Core/Src/traffic_light.o
 .debug_ranges  0x00000000000002d0       0x20 ./Core/Startup/startup_stm32f407zgtx.o
 .debug_ranges  0x00000000000002f0       0xe0 ./Drivers/STM32F4xx_HAL_Driver/Src/stm32f4xx_hal.o
 .debug_ranges  0x00000000000003d0      0x108 ./Drivers/STM32F4xx_HAL_Driver/Src/stm32f4xx_hal_cortex.o
 .debug_ranges  0x00000000000004d8       0x48 ./Drivers/STM32F4xx_HAL_Driver/Src/stm32f4xx_hal_gpio.o
 .debug_ranges  0x0000000000000520       0x78 ./Drivers/STM32F4xx_HAL_Driver/Src/stm32f4xx_hal_rcc.o
 .debug_ranges  0x0000000000000598      0x1c0 ./Drivers/STM32F4xx_HAL_Driver/Src/stm32f4xx_hal_spi.o
 .debug_ranges  0x0000000000000758       0x90 ./Drivers/STM32F4xx_HAL_Driver/Src/stm32f4xx_hal_sram.o
 .debug_ranges  0x00000000000007e8      0x3c0 ./Drivers/STM32F4xx_HAL_Driver/Src/stm32f4xx_hal_tim.o
 .debug_ranges  0x0000000000000ba8      0x158 ./Drivers/STM32F4xx_HAL_Driver/Src/stm32f4xx_hal_tim_ex.o
 .debug_ranges  0x0000000000000d00       0x98 ./Drivers/STM32F4xx_HAL_Driver/Src/stm32f4xx_ll_fsmc.o

.debug_macro    0x0000000000000000    0x22a6b
 .debug_macro   0x0000000000000000      0x326 ./Core/Src/button.o
 .debug_macro   0x0000000000000326      0xaa8 ./Core/Src/button.o
 .debug_macro   0x0000000000000dce      0x2a1 ./Core/Src/button.o
 .debug_macro   0x000000000000106f       0x2e ./Core/Src/button.o
 .debug_macro   0x000000000000109d       0x2f ./Core/Src/button.o
 .debug_macro   0x00000000000010cc       0x22 ./Core/Src/button.o
 .debug_macro   0x00000000000010ee       0x8e ./Core/Src/button.o
 .debug_macro   0x000000000000117c       0x51 ./Core/Src/button.o
 .debug_macro   0x00000000000011cd      0x103 ./Core/Src/button.o
 .debug_macro   0x00000000000012d0       0x6a ./Core/Src/button.o
 .debug_macro   0x000000000000133a      0x1df ./Core/Src/button.o
 .debug_macro   0x0000000000001519       0x1c ./Core/Src/button.o
 .debug_macro   0x0000000000001535       0x22 ./Core/Src/button.o
 .debug_macro   0x0000000000001557       0xdf ./Core/Src/button.o
 .debug_macro   0x0000000000001636     0x102d ./Core/Src/button.o
 .debug_macro   0x0000000000002663      0x11f ./Core/Src/button.o
 .debug_macro   0x0000000000002782    0x15e58 ./Core/Src/button.o
 .debug_macro   0x00000000000185da       0x6d ./Core/Src/button.o
 .debug_macro   0x0000000000018647     0x3666 ./Core/Src/button.o
 .debug_macro   0x000000000001bcad      0x174 ./Core/Src/button.o
 .debug_macro   0x000000000001be21       0x5c ./Core/Src/button.o
 .debug_macro   0x000000000001be7d      0x96b ./Core/Src/button.o
 .debug_macro   0x000000000001c7e8      0x9fe ./Core/Src/button.o
 .debug_macro   0x000000000001d1e6      0x116 ./Core/Src/button.o
 .debug_macro   0x000000000001d2fc      0x13e ./Core/Src/button.o
 .debug_macro   0x000000000001d43a       0xa5 ./Core/Src/button.o
 .debug_macro   0x000000000001d4df      0x174 ./Core/Src/button.o
 .debug_macro   0x000000000001d653      0x287 ./Core/Src/button.o
 .debug_macro   0x000000000001d8da       0x5f ./Core/Src/button.o
 .debug_macro   0x000000000001d939      0x236 ./Core/Src/button.o
 .debug_macro   0x000000000001db6f      0x12c ./Core/Src/button.o
 .debug_macro   0x000000000001dc9b      0x21e ./Core/Src/button.o
 .debug_macro   0x000000000001deb9       0x2e ./Core/Src/button.o
 .debug_macro   0x000000000001dee7      0x543 ./Core/Src/button.o
 .debug_macro   0x000000000001e42a      0x11a ./Core/Src/button.o
 .debug_macro   0x000000000001e544       0x7e ./Core/Src/button.o
 .debug_macro   0x000000000001e5c2       0x89 ./Core/Src/button.o
 .debug_macro   0x000000000001e64b      0x225 ./Core/Src/button.o
 .debug_macro   0x000000000001e870      0x8d1 ./Core/Src/button.o
 .debug_macro   0x000000000001f141       0x47 ./Core/Src/button.o
 .debug_macro   0x000000000001f188      0x12d ./Core/Src/button.o
 .debug_macro   0x000000000001f2b5       0xac ./Core/Src/button.o
 .debug_macro   0x000000000001f361       0x18 ./Core/Src/button.o
 .debug_macro   0x000000000001f379       0x52 ./Core/Src/button.o
 .debug_macro   0x000000000001f3cb       0x3c ./Core/Src/button.o
 .debug_macro   0x000000000001f407       0x34 ./Core/Src/button.o
 .debug_macro   0x000000000001f43b       0x16 ./Core/Src/button.o
 .debug_macro   0x000000000001f451       0x35 ./Core/Src/button.o
 .debug_macro   0x000000000001f486       0x16 ./Core/Src/button.o
 .debug_macro   0x000000000001f49c       0x43 ./Core/Src/button.o
 .debug_macro   0x000000000001f4df       0x34 ./Core/Src/button.o
 .debug_macro   0x000000000001f513       0x10 ./Core/Src/button.o
 .debug_macro   0x000000000001f523       0x58 ./Core/Src/button.o
 .debug_macro   0x000000000001f57b       0x71 ./Core/Src/button.o
 .debug_macro   0x000000000001f5ec       0x1c ./Core/Src/button.o
 .debug_macro   0x000000000001f608      0x12a ./Core/Src/button.o
 .debug_macro   0x000000000001f732      0x333 ./Core/Src/button.o
 .debug_macro   0x000000000001fa65       0x16 ./Core/Src/button.o
 .debug_macro   0x000000000001fa7b       0x29 ./Core/Src/button.o
 .debug_macro   0x000000000001faa4       0x16 ./Core/Src/button.o
 .debug_macro   0x000000000001faba       0x20 ./Core/Src/button.o
 .debug_macro   0x000000000001fada       0xca ./Core/Src/button.o
 .debug_macro   0x000000000001fba4       0x10 ./Core/Src/button.o
 .debug_macro   0x000000000001fbb4      0x369 ./Core/Src/fsm_automatic.o
 .debug_macro   0x000000000001ff1d       0x16 ./Core/Src/fsm_automatic.o
 .debug_macro   0x000000000001ff33       0x28 ./Core/Src/fsm_automatic.o
 .debug_macro   0x000000000001ff5b       0x1c ./Core/Src/fsm_automatic.o
 .debug_macro   0x000000000001ff77      0x365 ./Core/Src/fsm_manual.o
 .debug_macro   0x00000000000202dc      0x30d ./Core/Src/lcd.o
 .debug_macro   0x00000000000205e9      0x330 ./Core/Src/led7_segment.o
 .debug_macro   0x0000000000020919       0x10 ./Core/Src/led7_segment.o
 .debug_macro   0x0000000000020929      0x375 ./Core/Src/main.o
 .debug_macro   0x0000000000020c9e      0x30d ./Core/Src/software_timer.o
 .debug_macro   0x0000000000020fab      0x1f8 ./Core/Src/stm32f4xx_hal_msp.o
 .debug_macro   0x00000000000211a3      0x202 ./Core/Src/stm32f4xx_it.o
 .debug_macro   0x00000000000213a5      0x1e9 ./Core/Src/system_stm32f4xx.o
 .debug_macro   0x000000000002158e      0x312 ./Core/Src/traffic_light.o
 .debug_macro   0x00000000000218a0      0x249 ./Drivers/STM32F4xx_HAL_Driver/Src/stm32f4xx_hal.o
 .debug_macro   0x0000000000021ae9      0x1e9 ./Drivers/STM32F4xx_HAL_Driver/Src/stm32f4xx_hal_cortex.o
 .debug_macro   0x0000000000021cd2      0x1ef ./Drivers/STM32F4xx_HAL_Driver/Src/stm32f4xx_hal_gpio.o
 .debug_macro   0x0000000000021ec1      0x20d ./Drivers/STM32F4xx_HAL_Driver/Src/stm32f4xx_hal_rcc.o
 .debug_macro   0x00000000000220ce      0x1f8 ./Drivers/STM32F4xx_HAL_Driver/Src/stm32f4xx_hal_spi.o
 .debug_macro   0x00000000000222c6      0x1e9 ./Drivers/STM32F4xx_HAL_Driver/Src/stm32f4xx_hal_sram.o
 .debug_macro   0x00000000000224af      0x1ea ./Drivers/STM32F4xx_HAL_Driver/Src/stm32f4xx_hal_tim.o
 .debug_macro   0x0000000000022699      0x1e9 ./Drivers/STM32F4xx_HAL_Driver/Src/stm32f4xx_hal_tim_ex.o
 .debug_macro   0x0000000000022882      0x1e9 ./Drivers/STM32F4xx_HAL_Driver/Src/stm32f4xx_ll_fsmc.o

.debug_line     0x0000000000000000    0x12072
 .debug_line    0x0000000000000000      0xadd ./Core/Src/button.o
 .debug_line    0x0000000000000add      0x979 ./Core/Src/fsm_automatic.o
 .debug_line    0x0000000000001456      0xae2 ./Core/Src/fsm_manual.o
 .debug_line    0x0000000000001f38      0xf76 ./Core/Src/lcd.o
 .debug_line    0x0000000000002eae      0x8ed ./Core/Src/led7_segment.o
 .debug_line    0x000000000000379b      0xb6b ./Core/Src/main.o
 .debug_line    0x0000000000004306      0x95e ./Core/Src/software_timer.o
 .debug_line    0x0000000000004c64      0x826 ./Core/Src/stm32f4xx_hal_msp.o
 .debug_line    0x000000000000548a      0x7cf ./Core/Src/stm32f4xx_it.o
 .debug_line    0x0000000000005c59      0x776 ./Core/Src/system_stm32f4xx.o
 .debug_line    0x00000000000063cf      0x8ee ./Core/Src/traffic_light.o
 .debug_line    0x0000000000006cbd       0x88 ./Core/Startup/startup_stm32f407zgtx.o
 .debug_line    0x0000000000006d45      0x9dc ./Drivers/STM32F4xx_HAL_Driver/Src/stm32f4xx_hal.o
 .debug_line    0x0000000000007721      0xc8b ./Drivers/STM32F4xx_HAL_Driver/Src/stm32f4xx_hal_cortex.o
 .debug_line    0x00000000000083ac      0xb52 ./Drivers/STM32F4xx_HAL_Driver/Src/stm32f4xx_hal_gpio.o
 .debug_line    0x0000000000008efe      0xd58 ./Drivers/STM32F4xx_HAL_Driver/Src/stm32f4xx_hal_rcc.o
 .debug_line    0x0000000000009c56     0x1c64 ./Drivers/STM32F4xx_HAL_Driver/Src/stm32f4xx_hal_spi.o
 .debug_line    0x000000000000b8ba      0xb7e ./Drivers/STM32F4xx_HAL_Driver/Src/stm32f4xx_hal_sram.o
 .debug_line    0x000000000000c438     0x36d0 ./Drivers/STM32F4xx_HAL_Driver/Src/stm32f4xx_hal_tim.o
 .debug_line    0x000000000000fb08     0x19d9 ./Drivers/STM32F4xx_HAL_Driver/Src/stm32f4xx_hal_tim_ex.o
 .debug_line    0x00000000000114e1      0xb91 ./Drivers/STM32F4xx_HAL_Driver/Src/stm32f4xx_ll_fsmc.o

.debug_str      0x0000000000000000    0xcd3a9
 .debug_str     0x0000000000000000    0xc970c ./Core/Src/button.o
                                      0xc9ac7 (size before relaxing)
 .debug_str     0x00000000000c970c      0x123 ./Core/Src/fsm_automatic.o
                                      0xc9579 (size before relaxing)
 .debug_str     0x00000000000c982f       0x62 ./Core/Src/fsm_manual.o
                                      0xc95ad (size before relaxing)
 .debug_str     0x00000000000c9891      0x275 ./Core/Src/lcd.o
                                      0xc9634 (size before relaxing)
 .debug_str     0x00000000000c9b06       0x34 ./Core/Src/led7_segment.o
                                      0xc94a8 (size before relaxing)
 .debug_str     0x00000000000c9b3a      0x80f ./Core/Src/main.o
                                      0xca2ce (size before relaxing)
 .debug_str     0x00000000000ca349       0x7c ./Core/Src/software_timer.o
                                      0xc941e (size before relaxing)
 .debug_str     0x00000000000ca3c5      0x5cc ./Core/Src/stm32f4xx_hal_msp.o
                                      0xc6e41 (size before relaxing)
 .debug_str     0x00000000000ca991       0xcd ./Core/Src/stm32f4xx_it.o
                                      0xc6414 (size before relaxing)
 .debug_str     0x00000000000caa5e       0xaf ./Core/Src/system_stm32f4xx.o
                                      0xc5d09 (size before relaxing)
 .debug_str     0x00000000000cab0d       0xba ./Core/Src/traffic_light.o
                                      0xc947a (size before relaxing)
 .debug_str     0x00000000000cabc7       0x36 ./Core/Startup/startup_stm32f407zgtx.o
                                         0x8a (size before relaxing)
 .debug_str     0x00000000000cabfd      0x583 ./Drivers/STM32F4xx_HAL_Driver/Src/stm32f4xx_hal.o
                                      0xc67eb (size before relaxing)
 .debug_str     0x00000000000cb180      0x399 ./Drivers/STM32F4xx_HAL_Driver/Src/stm32f4xx_hal_cortex.o
                                      0xc65da (size before relaxing)
 .debug_str     0x00000000000cb519      0x154 ./Drivers/STM32F4xx_HAL_Driver/Src/stm32f4xx_hal_gpio.o
                                      0xc5eb0 (size before relaxing)
 .debug_str     0x00000000000cb66d      0x259 ./Drivers/STM32F4xx_HAL_Driver/Src/stm32f4xx_hal_rcc.o
                                      0xc610b (size before relaxing)
 .debug_str     0x00000000000cb8c6      0x57a ./Drivers/STM32F4xx_HAL_Driver/Src/stm32f4xx_hal_spi.o
                                      0xc65ad (size before relaxing)
 .debug_str     0x00000000000cbe40      0x1ae ./Drivers/STM32F4xx_HAL_Driver/Src/stm32f4xx_hal_sram.o
                                      0xc6223 (size before relaxing)
 .debug_str     0x00000000000cbfee      0xdc8 ./Drivers/STM32F4xx_HAL_Driver/Src/stm32f4xx_hal_tim.o
                                      0xc7038 (size before relaxing)
 .debug_str     0x00000000000ccdb6      0x4ee ./Drivers/STM32F4xx_HAL_Driver/Src/stm32f4xx_hal_tim_ex.o
                                      0xc67e9 (size before relaxing)
 .debug_str     0x00000000000cd2a4      0x105 ./Drivers/STM32F4xx_HAL_Driver/Src/stm32f4xx_ll_fsmc.o
                                      0xc60ea (size before relaxing)

.comment        0x0000000000000000       0x53
 .comment       0x0000000000000000       0x53 ./Core/Src/button.o
                                         0x54 (size before relaxing)
 .comment       0x0000000000000053       0x54 ./Core/Src/fsm_automatic.o
 .comment       0x0000000000000053       0x54 ./Core/Src/fsm_manual.o
 .comment       0x0000000000000053       0x54 ./Core/Src/lcd.o
 .comment       0x0000000000000053       0x54 ./Core/Src/led7_segment.o
 .comment       0x0000000000000053       0x54 ./Core/Src/main.o
 .comment       0x0000000000000053       0x54 ./Core/Src/software_timer.o
 .comment       0x0000000000000053       0x54 ./Core/Src/stm32f4xx_hal_msp.o
 .comment       0x0000000000000053       0x54 ./Core/Src/stm32f4xx_it.o
 .comment       0x0000000000000053       0x54 ./Core/Src/system_stm32f4xx.o
 .comment       0x0000000000000053       0x54 ./Core/Src/traffic_light.o
 .comment       0x0000000000000053       0x54 ./Drivers/STM32F4xx_HAL_Driver/Src/stm32f4xx_hal.o
 .comment       0x0000000000000053       0x54 ./Drivers/STM32F4xx_HAL_Driver/Src/stm32f4xx_hal_cortex.o
 .comment       0x0000000000000053       0x54 ./Drivers/STM32F4xx_HAL_Driver/Src/stm32f4xx_hal_gpio.o
 .comment       0x0000000000000053       0x54 ./Drivers/STM32F4xx_HAL_Driver/Src/stm32f4xx_hal_rcc.o
 .comment       0x0000000000000053       0x54 ./Drivers/STM32F4xx_HAL_Driver/Src/stm32f4xx_hal_spi.o
 .comment       0x0000000000000053       0x54 ./Drivers/STM32F4xx_HAL_Driver/Src/stm32f4xx_hal_sram.o
 .comment       0x0000000000000053       0x54 ./Drivers/STM32F4xx_HAL_Driver/Src/stm32f4xx_hal_tim.o
 .comment       0x0000000000000053       0x54 ./Drivers/STM32F4xx_HAL_Driver/Src/stm32f4xx_hal_tim_ex.o
 .comment       0x0000000000000053       0x54 ./Drivers/STM32F4xx_HAL_Driver/Src/stm32f4xx_ll_fsmc.o

.debug_frame    0x0000000000000000     0x3cd8
 .debug_frame   0x0000000000000000      0x164 ./Core/Src/button.o
 .debug_frame   0x0000000000000164       0x34 ./Core/Src/fsm_automatic.o
 .debug_frame   0x0000000000000198       0x34 ./Core/Src/fsm_manual.o
 .debug_frame   0x00000000000001cc      0x394 ./Core/Src/lcd.o
 .debug_frame   0x0000000000000560       0x50 ./Core/Src/led7_segment.o
 .debug_frame   0x00000000000005b0      0x160 ./Core/Src/main.o
 .debug_frame   0x0000000000000710       0xcc ./Core/Src/software_timer.o
 .debug_frame   0x00000000000007dc      0x150 ./Core/Src/stm32f4xx_hal_msp.o
 .debug_frame   0x000000000000092c      0x120 ./Core/Src/stm32f4xx_it.o
 .debug_frame   0x0000000000000a4c       0x58 ./Core/Src/system_stm32f4xx.o
 .debug_frame   0x0000000000000aa4       0xa4 ./Core/Src/traffic_light.o
 .debug_frame   0x0000000000000b48      0x374 ./Drivers/STM32F4xx_HAL_Driver/Src/stm32f4xx_hal.o
 .debug_frame   0x0000000000000ebc      0x498 ./Drivers/STM32F4xx_HAL_Driver/Src/stm32f4xx_hal_cortex.o
 .debug_frame   0x0000000000001354      0x14c ./Drivers/STM32F4xx_HAL_Driver/Src/stm32f4xx_hal_gpio.o
 .debug_frame   0x00000000000014a0      0x1f0 ./Drivers/STM32F4xx_HAL_Driver/Src/stm32f4xx_hal_rcc.o
 .debug_frame   0x0000000000001690      0x824 ./Drivers/STM32F4xx_HAL_Driver/Src/stm32f4xx_hal_spi.o
 .debug_frame   0x0000000000001eb4      0x2a0 ./Drivers/STM32F4xx_HAL_Driver/Src/stm32f4xx_hal_sram.o
 .debug_frame   0x0000000000002154     0x11c4 ./Drivers/STM32F4xx_HAL_Driver/Src/stm32f4xx_hal_tim.o
 .debug_frame   0x0000000000003318      0x638 ./Drivers/STM32F4xx_HAL_Driver/Src/stm32f4xx_hal_tim_ex.o
 .debug_frame   0x0000000000003950      0x2dc ./Drivers/STM32F4xx_HAL_Driver/Src/stm32f4xx_ll_fsmc.o
 .debug_frame   0x0000000000003c2c       0x2c c:/st/stm32cubeide_1.7.0/stm32cubeide/plugins/com.st.stm32cube.ide.mcu.externaltools.gnu-tools-for-stm32.9-2020-q2-update.win32_2.0.0.202105311346/tools/bin/../lib/gcc/arm-none-eabi/9.3.1/../../../../arm-none-eabi/lib/thumb/v7e-m+fp/hard\libc_nano.a(lib_a-init.o)
 .debug_frame   0x0000000000003c58       0x20 c:/st/stm32cubeide_1.7.0/stm32cubeide/plugins/com.st.stm32cube.ide.mcu.externaltools.gnu-tools-for-stm32.9-2020-q2-update.win32_2.0.0.202105311346/tools/bin/../lib/gcc/arm-none-eabi/9.3.1/../../../../arm-none-eabi/lib/thumb/v7e-m+fp/hard\libc_nano.a(lib_a-memset.o)
 .debug_frame   0x0000000000003c78       0x2c c:/st/stm32cubeide_1.7.0/stm32cubeide/plugins/com.st.stm32cube.ide.mcu.externaltools.gnu-tools-for-stm32.9-2020-q2-update.win32_2.0.0.202105311346/tools/bin/../lib/gcc/arm-none-eabi/9.3.1/thumb/v7e-m+fp/hard\libgcc.a(_aeabi_uldivmod.o)
 .debug_frame   0x0000000000003ca4       0x34 c:/st/stm32cubeide_1.7.0/stm32cubeide/plugins/com.st.stm32cube.ide.mcu.externaltools.gnu-tools-for-stm32.9-2020-q2-update.win32_2.0.0.202105311346/tools/bin/../lib/gcc/arm-none-eabi/9.3.1/thumb/v7e-m+fp/hard\libgcc.a(_udivmoddi4.o)
