button.c:39:6:button_init	8	static
button.c:49:6:button_Scan	24	static
button.c:71:5:isButtonModePressed	4	static
button.c:76:5:isButtonSavePressed	4	static
button.c:81:5:isButtonIncreasePressed	4	static
button.c:86:5:isButtonDecreasePressed	4	static
button.c:91:5:isButton1Pressed	4	static
button.c:99:6:subKeyProcessButton1	4	static
button.c:103:6:getKeyInputButton1	8	static
button.c:129:5:isButton2Pressed	4	static
button.c:137:6:subKeyProcessButton2	4	static
button.c:141:6:getKeyInputButton2	8	static
button.c:167:5:isButton3Pressed	4	static
button.c:175:6:subKeyProcessButton3	4	static
button.c:179:6:getKeyInputButton3	8	static
