clock_setting.c:26:6:checkTime	40	static
clock_setting.c:63:6:checkTimeAlart	4	static
clock_setting.c:210:6:checkAlart	8	static
clock_setting.c:216:6:alartNotify	24	static
clock_setting.c:221:6:setAlartInit	4	static
clock_setting.c:231:6:setupAlart	8	static
clock_setting.c:348:6:updateTime	24	static
clock_setting.c:358:6:displayAlartTime	32	static
clock_setting.c:381:6:toggleDisplayTime	32	static
clock_setting.c:391:5:invalidCharacterHandler	4	static
clock_setting.c:396:6:displayUpdateTime	48	static
clock_setting.c:416:6:displayTime	32	static
clock_setting.c:439:6:offSecond	24	static
clock_setting.c:443:6:offMinute	24	static
clock_setting.c:447:6:offHour	24	static
clock_setting.c:451:6:offArticle	24	static
clock_setting.c:455:6:offDay	24	static
clock_setting.c:459:6:offMonth	24	static
clock_setting.c:463:6:offYear	24	static
