main.c:103:5:main	40	static
main.c:177:6:SystemClock_Config	88	static
main.c:222:13:MX_I2C1_Init	8	static
main.c:256:13:MX_SPI1_Init	8	static
main.c:294:13:MX_TIM2_Init	32	static
main.c:339:13:MX_USART1_UART_Init	8	static
main.c:372:13:MX_GPIO_Init	56	static
main.c:438:13:MX_FSMC_Init	64	static
main.c:499:6:system_init	8	static
main.c:514:6:test_LedDebug	8	static
main.c:523:6:test_Uart	8	static
main.c:534:6:test_7seg	8	static
main.c:541:6:test_button	16	static
main.c:550:6:test_lcd	16	static
main.c:565:6:HAL_TIM_PeriodElapsedCallback	16	static
main.c:578:6:Error_Handler	4	static,ignoring_inline_asm
